[debug] [2025-12-27T19:16:52.457Z] ----------------------------------------------------------------------
[debug] [2025-12-27T19:16:52.460Z] Command:       /nix/store/ws50yvm6vzlzf7jzz6n7xh4szddrack1-nodejs-20.19.1/bin/node /nix/store/c776mhyhgykcld7p90ajrka149ifn61a-firebase-tools-14.26.0/lib/node_modules/firebase-tools/lib/bin/firebase.js init hosting
[debug] [2025-12-27T19:16:52.461Z] CLI Version:   14.26.0
[debug] [2025-12-27T19:16:52.461Z] Platform:      linux
[debug] [2025-12-27T19:16:52.461Z] Node Version:  v20.19.1
[debug] [2025-12-27T19:16:52.462Z] Time:          Sat Dec 27 2025 19:16:52 GMT+0000 (Coordinated Universal Time)
[debug] [2025-12-27T19:16:52.462Z] ----------------------------------------------------------------------
[debug] 
[debug] [2025-12-27T19:16:52.469Z] No OAuth tokens found
[debug] [2025-12-27T19:16:52.470Z] No OAuth tokens found
[error] Failed to fetch Firebase Project from current Studio Workspace: Unable to refresh auth: not yet authenticated.
[info] 
     ######## #### ########  ######## ########     ###     ######  ########
     ##        ##  ##     ## ##       ##     ##  ##   ##  ##       ##
     ######    ##  ########  ######   ########  #########  ######  ######
     ##        ##  ##    ##  ##       ##     ## ##     ##       ## ##
     ##       #### ##     ## ######## ########  ##     ##  ######  ########

You're about to initialize a Firebase project in this directory:

  /home/user/v0-the-void-ai-echo-engine

[info] 
=== Project Setup
[info] 
[info] First, let's associate this project directory with a Firebase project.
[info] You can create multiple project aliases by running firebase use --add, 
[info] 
[debug] [2025-12-27T19:16:52.479Z] > command requires scopes: ["email","openid","https://www.googleapis.com/auth/cloudplatformprojects.readonly","https://www.googleapis.com/auth/firebase","https://www.googleapis.com/auth/cloud-platform","https://www.googleapis.com/auth/userinfo.email"]
[debug] [2025-12-27T19:16:52.480Z] > authorizing via signed-in user (kayla831j@gmail.com)
[debug] [2025-12-27T19:16:52.480Z] No OAuth tokens found
[debug] [2025-12-27T19:16:52.481Z] No OAuth tokens found
[debug] [2025-12-27T19:16:52.481Z] > command requires scopes: ["email","openid","https://www.googleapis.com/auth/cloudplatformprojects.readonly","https://www.googleapis.com/auth/firebase","https://www.googleapis.com/auth/cloud-platform","https://www.googleapis.com/auth/userinfo.email"]
[debug] [2025-12-27T19:16:52.481Z] > authorizing via signed-in user (kayla831j@gmail.com)
[debug] [2025-12-27T19:16:52.487Z] >>> [apiv2][query] GET https://firebase.googleapis.com/v1beta1/projects/sortlyai-s3ulu [none]
[debug] [2025-12-27T19:16:52.846Z] <<< [apiv2][status] GET https://firebase.googleapis.com/v1beta1/projects/sortlyai-s3ulu 200
[debug] [2025-12-27T19:16:52.847Z] <<< [apiv2][body] GET https://firebase.googleapis.com/v1beta1/projects/sortlyai-s3ulu {"projectId":"sortlyai-s3ulu","projectNumber":"125822345596","displayName":"SortlyAI","name":"projects/sortlyai-s3ulu","resources":{"hostingSite":"sortlyai-s3ulu"},"state":"ACTIVE","etag":"1_449c609f-a599-4523-942b-681ba32b0049"}
[info] i  Using project sortlyai-s3ulu (SortlyAI) . 
[info] 
=== Hosting Setup
[debug] [2025-12-27T19:16:52.867Z] No OAuth tokens found
[debug] [2025-12-27T19:16:52.867Z] No OAuth tokens found
[debug] [2025-12-27T19:16:52.867Z] > command requires scopes: ["email","openid","https://www.googleapis.com/auth/cloudplatformprojects.readonly","https://www.googleapis.com/auth/firebase","https://www.googleapis.com/auth/cloud-platform","https://www.googleapis.com/auth/userinfo.email"]
[debug] [2025-12-27T19:16:52.868Z] > authorizing via signed-in user (kayla831j@gmail.com)
[debug] [2025-12-27T19:16:52.868Z] >>> [apiv2][query] GET https://firebase.googleapis.com/v1beta1/projects/sortlyai-s3ulu [none]
[debug] [2025-12-27T19:16:53.047Z] <<< [apiv2][status] GET https://firebase.googleapis.com/v1beta1/projects/sortlyai-s3ulu 200
[debug] [2025-12-27T19:16:53.048Z] <<< [apiv2][body] GET https://firebase.googleapis.com/v1beta1/projects/sortlyai-s3ulu {"projectId":"sortlyai-s3ulu","projectNumber":"125822345596","displayName":"SortlyAI","name":"projects/sortlyai-s3ulu","resources":{"hostingSite":"sortlyai-s3ulu"},"state":"ACTIVE","etag":"1_449c609f-a599-4523-942b-681ba32b0049"}
